../Core/Src/main.c:65:6:delay_us	2
../Core/Src/main.c:71:10:mjeri_udaljenost	6
../Core/Src/main.c:105:6:lcd_i2c_send	1
../Core/Src/main.c:110:6:lcd_nibble	1
../Core/Src/main.c:119:6:lcd_byte	1
../Core/Src/main.c:125:6:lcd_cmd	1
../Core/Src/main.c:126:6:lcd_char	1
../Core/Src/main.c:128:6:lcd_print	2
../Core/Src/main.c:133:6:lcd_pos	2
../Core/Src/main.c:138:6:lcd_clear	1
../Core/Src/main.c:144:6:lcd_init	1
../Core/Src/main.c:163:5:main	12
../Core/Src/main.c:330:6:SystemClock_Config	3
../Core/Src/main.c:369:6:HAL_GPIO_EXTI_Callback	5
../Core/Src/main.c:399:6:Error_Handler	1
